2025-11-01 09:07:18 | INFO     | aiapi.aiapi.services.vocabulary_service | get_vocabulary_collection:32 | Initializing vocabulary collection...
2025-11-01 09:07:18 | INFO     | aiapi.aiapi.services.vocabulary_service | get_vocabulary_collection:42 | Vocabulary collection initialized: vocabulary
2025-11-01 09:07:18 | INFO     | aiapi.aiapi.services.vocabulary_service | add_vocabulary:139 | Added vocabulary word: test (technology, beginner)
2025-11-01 09:07:18 | INFO     | aiapi.performance | __exit__:237 | add_vocabulary_test: 0.000s
2025-11-01 09:07:18 | INFO     | aiapi.aiapi.services.vocabulary_service | search_vocabulary_semantic:269 | Found 2 vocabulary words for query: 'computer technology'
2025-11-01 09:07:18 | INFO     | aiapi.performance | __exit__:237 | search_vocabulary_semantic: 0.000s
2025-11-01 09:07:30 | ERROR    | aiapi.aiapi.services.vocabulary_service | search_vocabulary_semantic:229 | Failed to create query embedding
2025-11-01 09:07:30 | WARNING  | aiapi.performance | __exit__:239 | search_vocabulary_semantic: 0.000s (failed)
2025-11-01 09:07:30 | ERROR    | aiapi.aiapi.services.vocabulary_service | search_vocabulary_semantic:229 | Failed to create query embedding
2025-11-01 09:07:30 | WARNING  | aiapi.performance | __exit__:239 | search_vocabulary_semantic: 0.000s (failed)
2025-11-01 09:11:58 | INFO     | aiapi.aiapi.services.word_insertion_service | analyze_sentence_structure:133 | Found 2 insertion positions for sentence
2025-11-01 09:11:58 | INFO     | aiapi.performance | __exit__:237 | analyze_sentence_structure: 0.000s
2025-11-01 09:11:58 | ERROR    | aiapi.aiapi.services.vocabulary_service | search_vocabulary_semantic:229 | Failed to create query embedding
2025-11-01 09:11:58 | WARNING  | aiapi.performance | __exit__:239 | search_vocabulary_semantic: 0.000s (failed)
2025-11-01 09:14:12 | INFO     | aiapi.aiapi.services.word_insertion_service | analyze_sentence_structure:133 | Found 1 insertion positions for sentence
2025-11-01 09:14:12 | INFO     | aiapi.performance | __exit__:237 | analyze_sentence_structure: 0.000s
2025-11-01 09:14:12 | INFO     | aiapi.aiapi.services.word_insertion_service | analyze_sentence_structure:133 | Found 1 insertion positions for sentence
2025-11-01 09:14:12 | INFO     | aiapi.performance | __exit__:237 | analyze_sentence_structure: 0.000s
2025-11-01 09:14:12 | INFO     | aiapi.aiapi.services.word_insertion_service | analyze_sentence_structure:133 | Found 1 insertion positions for sentence
2025-11-01 09:14:12 | INFO     | aiapi.performance | __exit__:237 | analyze_sentence_structure: 0.000s
2025-11-01 09:14:22 | INFO     | aiapi.aiapi.services.word_insertion_service | analyze_sentence_structure:133 | Found 2 insertion positions for sentence
2025-11-01 09:14:22 | INFO     | aiapi.performance | __exit__:237 | analyze_sentence_structure: 0.000s
2025-11-01 09:14:22 | INFO     | aiapi.aiapi.services.word_insertion_service | analyze_sentence_structure:133 | Found 1 insertion positions for sentence
2025-11-01 09:14:22 | INFO     | aiapi.performance | __exit__:237 | analyze_sentence_structure: 0.000s
2025-11-01 09:14:22 | INFO     | aiapi.aiapi.services.word_insertion_service | analyze_sentence_structure:133 | Found 1 insertion positions for sentence
2025-11-01 09:14:22 | INFO     | aiapi.performance | __exit__:237 | analyze_sentence_structure: 0.000s
2025-11-01 09:14:22 | INFO     | aiapi.aiapi.services.word_insertion_service | analyze_sentence_structure:133 | Found 1 insertion positions for sentence
2025-11-01 09:14:22 | INFO     | aiapi.performance | __exit__:237 | analyze_sentence_structure: 0.000s
2025-11-01 09:14:22 | ERROR    | aiapi.aiapi.services.vocabulary_service | search_vocabulary_semantic:229 | Failed to create query embedding
2025-11-01 09:14:22 | WARNING  | aiapi.performance | __exit__:239 | search_vocabulary_semantic: 0.000s (failed)
2025-11-01 09:14:33 | INFO     | aiapi.aiapi.services.story_enhancement_service | calculate_insertion_metrics:179 | Metrics calculated: 2 insertions, density: 13.33%, readability: 85
2025-11-01 09:14:33 | INFO     | aiapi.aiapi.services.story_enhancement_service | calculate_insertion_metrics:179 | Metrics calculated: 0 insertions, density: 0.00%, readability: 85
2025-11-01 09:14:33 | INFO     | aiapi.aiapi.services.story_enhancement_service | calculate_insertion_metrics:179 | Metrics calculated: 2 insertions, density: 20.00%, readability: 70
2025-11-01 09:14:33 | INFO     | aiapi.aiapi.services.story_enhancement_service | calculate_insertion_metrics:179 | Metrics calculated: 0 insertions, density: 0.00%, readability: 85
2025-11-01 09:15:56 | INFO     | aiapi.aiapi.services.story_enhancement_service | calculate_insertion_metrics:179 | Metrics calculated: 2 insertions, density: 13.33%, readability: 85
2025-11-01 09:15:56 | INFO     | aiapi.aiapi.services.story_enhancement_service | calculate_insertion_metrics:179 | Metrics calculated: 0 insertions, density: 0.00%, readability: 85
2025-11-01 09:15:56 | INFO     | aiapi.aiapi.services.story_enhancement_service | calculate_insertion_metrics:179 | Metrics calculated: 2 insertions, density: 20.00%, readability: 70
2025-11-01 09:15:56 | INFO     | aiapi.aiapi.services.story_enhancement_service | calculate_insertion_metrics:179 | Metrics calculated: 0 insertions, density: 0.00%, readability: 85
2025-11-01 09:15:56 | INFO     | aiapi.context | __enter__:206 | Starting generate_story_with_insertion [prompt=Viết câu chuyện về công nghệ]
2025-11-01 09:15:56 | INFO     | aiapi.aiapi.services.story_enhancement_service | generate_story_with_insertion:238 | Starting story generation with insertion: prompt='Viết câu chuyện về công nghệ...'
2025-11-01 09:15:56 | INFO     | aiapi.aiapi.services.story_enhancement_service | generate_story_with_insertion:250 | Generating base story (attempt 1/3)...
2025-11-01 09:15:56 | ERROR    | aiapi.aiapi.services.story_enhancement_service | generate_story_with_insertion:530 | Error generating story with insertion: 'dict' object has no attribute 'error'
Traceback (most recent call last):
  File "/Users/cuongpm/Documents/GitHub/lucky_/aiapi/src/aiapi/services/story_enhancement_service.py", line 260, in generate_story_with_insertion
    if story_response.error:
       ^^^^^^^^^^^^^^^^^^^^
AttributeError: 'dict' object has no attribute 'error'
2025-11-01 09:15:56 | INFO     | aiapi.context | __exit__:213 | Completed generate_story_with_insertion in 0.001s
2025-11-01 09:15:57 | INFO     | aiapi.context | __enter__:206 | Starting generate_story_with_insertion [prompt=Test prompt]
2025-11-01 09:15:57 | INFO     | aiapi.aiapi.services.story_enhancement_service | generate_story_with_insertion:238 | Starting story generation with insertion: prompt='Test prompt...'
2025-11-01 09:15:57 | INFO     | aiapi.aiapi.services.story_enhancement_service | generate_story_with_insertion:250 | Generating base story (attempt 1/3)...
2025-11-01 09:15:57 | ERROR    | aiapi.aiapi.services.story_enhancement_service | generate_story_with_insertion:530 | Error generating story with insertion: API Error
Traceback (most recent call last):
  File "/Users/cuongpm/Documents/GitHub/lucky_/aiapi/src/aiapi/services/story_enhancement_service.py", line 258, in generate_story_with_insertion
    story_response = generate_advanced_story(story_request)
                     ^^^^^^^^^^^^^^^^^^^^^^^^^^^^^^^^^^^^^^
  File "/Library/Frameworks/Python.framework/Versions/3.12/lib/python3.12/unittest/mock.py", line 1139, in __call__
    return self._mock_call(*args, **kwargs)
           ^^^^^^^^^^^^^^^^^^^^^^^^^^^^^^^^
  File "/Library/Frameworks/Python.framework/Versions/3.12/lib/python3.12/unittest/mock.py", line 1143, in _mock_call
    return self._execute_mock_call(*args, **kwargs)
           ^^^^^^^^^^^^^^^^^^^^^^^^^^^^^^^^^^^^^^^^
  File "/Library/Frameworks/Python.framework/Versions/3.12/lib/python3.12/unittest/mock.py", line 1198, in _execute_mock_call
    raise effect
Exception: API Error
2025-11-01 09:15:57 | INFO     | aiapi.context | __exit__:213 | Completed generate_story_with_insertion in 0.001s
2025-11-01 09:15:57 | INFO     | aiapi.context | __enter__:206 | Starting generate_story_with_insertion [prompt=Test]
2025-11-01 09:15:57 | INFO     | aiapi.aiapi.services.story_enhancement_service | generate_story_with_insertion:238 | Starting story generation with insertion: prompt='Test...'
2025-11-01 09:15:57 | INFO     | aiapi.aiapi.services.story_enhancement_service | generate_story_with_insertion:250 | Generating base story (attempt 1/3)...
2025-11-01 09:15:57 | ERROR    | aiapi.aiapi.services.story_enhancement_service | generate_story_with_insertion:530 | Error generating story with insertion: 'dict' object has no attribute 'error'
Traceback (most recent call last):
  File "/Users/cuongpm/Documents/GitHub/lucky_/aiapi/src/aiapi/services/story_enhancement_service.py", line 260, in generate_story_with_insertion
    if story_response.error:
       ^^^^^^^^^^^^^^^^^^^^
AttributeError: 'dict' object has no attribute 'error'
2025-11-01 09:15:57 | INFO     | aiapi.context | __exit__:213 | Completed generate_story_with_insertion in 0.001s
2025-11-01 09:15:57 | INFO     | aiapi.context | __enter__:206 | Starting generate_story_with_insertion [prompt=Test]
2025-11-01 09:15:57 | INFO     | aiapi.aiapi.services.story_enhancement_service | generate_story_with_insertion:238 | Starting story generation with insertion: prompt='Test...'
2025-11-01 09:15:57 | INFO     | aiapi.aiapi.services.story_enhancement_service | generate_story_with_insertion:250 | Generating base story (attempt 1/3)...
2025-11-01 09:15:57 | ERROR    | aiapi.aiapi.services.story_enhancement_service | generate_story_with_insertion:530 | Error generating story with insertion: 'dict' object has no attribute 'error'
Traceback (most recent call last):
  File "/Users/cuongpm/Documents/GitHub/lucky_/aiapi/src/aiapi/services/story_enhancement_service.py", line 260, in generate_story_with_insertion
    if story_response.error:
       ^^^^^^^^^^^^^^^^^^^^
AttributeError: 'dict' object has no attribute 'error'
2025-11-01 09:15:57 | INFO     | aiapi.context | __exit__:213 | Completed generate_story_with_insertion in 0.000s
2025-11-01 09:15:57 | INFO     | aiapi.context | __enter__:206 | Starting generate_story_with_insertion [prompt=Viết về công nghệ]
2025-11-01 09:15:57 | INFO     | aiapi.aiapi.services.story_enhancement_service | generate_story_with_insertion:238 | Starting story generation with insertion: prompt='Viết về công nghệ...'
2025-11-01 09:15:57 | INFO     | aiapi.aiapi.services.story_enhancement_service | generate_story_with_insertion:250 | Generating base story (attempt 1/3)...
2025-11-01 09:15:57 | ERROR    | aiapi.aiapi.services.story_enhancement_service | generate_story_with_insertion:530 | Error generating story with insertion: 'dict' object has no attribute 'error'
Traceback (most recent call last):
  File "/Users/cuongpm/Documents/GitHub/lucky_/aiapi/src/aiapi/services/story_enhancement_service.py", line 260, in generate_story_with_insertion
    if story_response.error:
       ^^^^^^^^^^^^^^^^^^^^
AttributeError: 'dict' object has no attribute 'error'
2025-11-01 09:15:57 | INFO     | aiapi.context | __exit__:213 | Completed generate_story_with_insertion in 0.001s
2025-11-01 09:19:47 | INFO     | aiapi.context | __enter__:206 | Starting generate_story_with_insertion [prompt=Test prompt]
2025-11-01 09:19:47 | INFO     | aiapi.aiapi.services.story_enhancement_service | generate_story_with_insertion:238 | Starting story generation with insertion: prompt='Test prompt...'
2025-11-01 09:19:47 | INFO     | aiapi.aiapi.services.story_enhancement_service | generate_story_with_insertion:250 | Generating base story (attempt 1/3)...
2025-11-01 09:19:47 | ERROR    | aiapi.aiapi.services.story_enhancement_service | generate_story_with_insertion:530 | Error generating story with insertion: API Error
Traceback (most recent call last):
  File "/Users/cuongpm/Documents/GitHub/lucky_/aiapi/src/aiapi/services/story_enhancement_service.py", line 258, in generate_story_with_insertion
    story_response = generate_advanced_story(story_request)
                     ^^^^^^^^^^^^^^^^^^^^^^^^^^^^^^^^^^^^^^
  File "/Library/Frameworks/Python.framework/Versions/3.12/lib/python3.12/unittest/mock.py", line 1139, in __call__
    return self._mock_call(*args, **kwargs)
           ^^^^^^^^^^^^^^^^^^^^^^^^^^^^^^^^
  File "/Library/Frameworks/Python.framework/Versions/3.12/lib/python3.12/unittest/mock.py", line 1143, in _mock_call
    return self._execute_mock_call(*args, **kwargs)
           ^^^^^^^^^^^^^^^^^^^^^^^^^^^^^^^^^^^^^^^^
  File "/Library/Frameworks/Python.framework/Versions/3.12/lib/python3.12/unittest/mock.py", line 1198, in _execute_mock_call
    raise effect
Exception: API Error
2025-11-01 09:19:47 | INFO     | aiapi.context | __exit__:213 | Completed generate_story_with_insertion in 0.001s
2025-11-01 09:20:56 | INFO     | aiapi.aiapi.services.story_enhancement_service | calculate_insertion_metrics:179 | Metrics calculated: 2 insertions, density: 13.33%, readability: 85
2025-11-01 09:20:56 | INFO     | aiapi.aiapi.services.story_enhancement_service | calculate_insertion_metrics:179 | Metrics calculated: 0 insertions, density: 0.00%, readability: 85
2025-11-01 09:20:56 | INFO     | aiapi.aiapi.services.story_enhancement_service | calculate_insertion_metrics:179 | Metrics calculated: 2 insertions, density: 20.00%, readability: 70
2025-11-01 09:20:56 | INFO     | aiapi.aiapi.services.story_enhancement_service | calculate_insertion_metrics:179 | Metrics calculated: 0 insertions, density: 0.00%, readability: 85
2025-11-01 09:20:56 | INFO     | aiapi.context | __enter__:206 | Starting generate_story_with_insertion [prompt=Test prompt]
2025-11-01 09:20:56 | INFO     | aiapi.aiapi.services.story_enhancement_service | generate_story_with_insertion:238 | Starting story generation with insertion: prompt='Test prompt...'
2025-11-01 09:20:56 | INFO     | aiapi.aiapi.services.story_enhancement_service | generate_story_with_insertion:250 | Generating base story (attempt 1/3)...
2025-11-01 09:20:56 | ERROR    | aiapi.aiapi.services.story_enhancement_service | generate_story_with_insertion:530 | Error generating story with insertion: API Error
Traceback (most recent call last):
  File "/Users/cuongpm/Documents/GitHub/lucky_/aiapi/src/aiapi/services/story_enhancement_service.py", line 258, in generate_story_with_insertion
    story_response = generate_advanced_story(story_request)
                     ^^^^^^^^^^^^^^^^^^^^^^^^^^^^^^^^^^^^^^
  File "/Library/Frameworks/Python.framework/Versions/3.12/lib/python3.12/unittest/mock.py", line 1139, in __call__
    return self._mock_call(*args, **kwargs)
           ^^^^^^^^^^^^^^^^^^^^^^^^^^^^^^^^
  File "/Library/Frameworks/Python.framework/Versions/3.12/lib/python3.12/unittest/mock.py", line 1143, in _mock_call
    return self._execute_mock_call(*args, **kwargs)
           ^^^^^^^^^^^^^^^^^^^^^^^^^^^^^^^^^^^^^^^^
  File "/Library/Frameworks/Python.framework/Versions/3.12/lib/python3.12/unittest/mock.py", line 1198, in _execute_mock_call
    raise effect
Exception: API Error
2025-11-01 09:20:56 | INFO     | aiapi.context | __exit__:213 | Completed generate_story_with_insertion in 0.001s
